  Determinando los proyectos que se van a restaurar...
  Todos los proyectos est├ín actualizados para la restauraci├│n.
  GestionProduccion.Client -> C:\Users\david\GestionProduccion\Client\GestionProduccion.Client\bin\Debug\net8.0\GestionProduccion.Client.dll
  GestionProduccion.Client (Blazor output) -> C:\Users\david\GestionProduccion\Client\GestionProduccion.Client\bin\Debug\net8.0\wwwroot
  GestionProduccion -> C:\Users\david\GestionProduccion\bin\Debug\net8.0\GestionProduccion.dll
C:\Program Files\dotnet\sdk\10.0.103\Microsoft.Common.CurrentVersion.targets(2437,5): warning MSB3277: Se han encontrado conflictos entre distintas versiones de "Microsoft.EntityFrameworkCore.Relational" que no se han podido resolver. [C:\Users\david\GestionProduccion\GestionProduccion.Tests\GestionProduccion.Tests.csproj]
C:\Program Files\dotnet\sdk\10.0.103\Microsoft.Common.CurrentVersion.targets(2437,5): warning MSB3277: Exist├¡a un conflicto entre "Microsoft.EntityFrameworkCore.Relational, Version=8.0.0.0, Culture=neutral, PublicKeyToken=adb9793829ddae60" y "Microsoft.EntityFrameworkCore.Relational, Version=8.0.2.0, Culture=neutral, PublicKeyToken=adb9793829ddae60". [C:\Users\david\GestionProduccion\GestionProduccion.Tests\GestionProduccion.Tests.csproj]
C:\Program Files\dotnet\sdk\10.0.103\Microsoft.Common.CurrentVersion.targets(2437,5): warning MSB3277:     Se eligi├│ "Microsoft.EntityFrameworkCore.Relational, Version=8.0.0.0, Culture=neutral, PublicKeyToken=adb9793829ddae60" porque era principal y "Microsoft.EntityFrameworkCore.Relational, Version=8.0.2.0, Culture=neutral, PublicKeyToken=adb9793829ddae60" no lo era. [C:\Users\david\GestionProduccion\GestionProduccion.Tests\GestionProduccion.Tests.csproj]
C:\Program Files\dotnet\sdk\10.0.103\Microsoft.Common.CurrentVersion.targets(2437,5): warning MSB3277:     Referencias que dependen de "Microsoft.EntityFrameworkCore.Relational, Version=8.0.0.0, Culture=neutral, PublicKeyToken=adb9793829ddae60" [C:\Users\david\.nuget\packages\microsoft.entityframeworkcore.relational\8.0.0\lib\net8.0\Microsoft.EntityFrameworkCore.Relational.dll]. [C:\Users\david\GestionProduccion\GestionProduccion.Tests\GestionProduccion.Tests.csproj]
C:\Program Files\dotnet\sdk\10.0.103\Microsoft.Common.CurrentVersion.targets(2437,5): warning MSB3277:         C:\Users\david\.nuget\packages\microsoft.entityframeworkcore.relational\8.0.0\lib\net8.0\Microsoft.EntityFrameworkCore.Relational.dll [C:\Users\david\GestionProduccion\GestionProduccion.Tests\GestionProduccion.Tests.csproj]
C:\Program Files\dotnet\sdk\10.0.103\Microsoft.Common.CurrentVersion.targets(2437,5): warning MSB3277:           Atributos Include de elementos de archivo del proyecto que provocaron la referencia "C:\Users\david\.nuget\packages\microsoft.entityframeworkcore.relational\8.0.0\lib\net8.0\Microsoft.EntityFrameworkCore.Relational.dll". [C:\Users\david\GestionProduccion\GestionProduccion.Tests\GestionProduccion.Tests.csproj]
C:\Program Files\dotnet\sdk\10.0.103\Microsoft.Common.CurrentVersion.targets(2437,5): warning MSB3277:             C:\Users\david\.nuget\packages\microsoft.entityframeworkcore.relational\8.0.0\lib\net8.0\Microsoft.EntityFrameworkCore.Relational.dll [C:\Users\david\GestionProduccion\GestionProduccion.Tests\GestionProduccion.Tests.csproj]
C:\Program Files\dotnet\sdk\10.0.103\Microsoft.Common.CurrentVersion.targets(2437,5): warning MSB3277:     Referencias que dependen o se han unificado para "Microsoft.EntityFrameworkCore.Relational, Version=8.0.2.0, Culture=neutral, PublicKeyToken=adb9793829ddae60" []. [C:\Users\david\GestionProduccion\GestionProduccion.Tests\GestionProduccion.Tests.csproj]
C:\Program Files\dotnet\sdk\10.0.103\Microsoft.Common.CurrentVersion.targets(2437,5): warning MSB3277:         C:\Users\david\GestionProduccion\bin\Debug\net8.0\GestionProduccion.dll [C:\Users\david\GestionProduccion\GestionProduccion.Tests\GestionProduccion.Tests.csproj]
C:\Program Files\dotnet\sdk\10.0.103\Microsoft.Common.CurrentVersion.targets(2437,5): warning MSB3277:           Atributos Include de elementos de archivo del proyecto que provocaron la referencia "C:\Users\david\GestionProduccion\bin\Debug\net8.0\GestionProduccion.dll". [C:\Users\david\GestionProduccion\GestionProduccion.Tests\GestionProduccion.Tests.csproj]
C:\Program Files\dotnet\sdk\10.0.103\Microsoft.Common.CurrentVersion.targets(2437,5): warning MSB3277:             C:\Users\david\GestionProduccion\bin\Debug\net8.0\GestionProduccion.dll [C:\Users\david\GestionProduccion\GestionProduccion.Tests\GestionProduccion.Tests.csproj]
C:\Users\david\GestionProduccion\GestionProduccion.Tests\ProductionOrderServiceTests.cs(119,46): warning CS8602: Desreferencia de una referencia posiblemente NULL. [C:\Users\david\GestionProduccion\GestionProduccion.Tests\GestionProduccion.Tests.csproj]
C:\Users\david\GestionProduccion\GestionProduccion.Tests\ProductionOrderServiceTests.cs(166,53): warning CS8602: Desreferencia de una referencia posiblemente NULL. [C:\Users\david\GestionProduccion\GestionProduccion.Tests\GestionProduccion.Tests.csproj]
C:\Users\david\GestionProduccion\GestionProduccion.Tests\ProductionOrderServiceTests.cs(195,31): warning CS8602: Desreferencia de una referencia posiblemente NULL. [C:\Users\david\GestionProduccion\GestionProduccion.Tests\GestionProduccion.Tests.csproj]
  GestionProduccion.Tests -> C:\Users\david\GestionProduccion\GestionProduccion.Tests\bin\Debug\net8.0\GestionProduccion.Tests.dll

Compilaci├│n correcta.

C:\Program Files\dotnet\sdk\10.0.103\Microsoft.Common.CurrentVersion.targets(2437,5): warning MSB3277: Se han encontrado conflictos entre distintas versiones de "Microsoft.EntityFrameworkCore.Relational" que no se han podido resolver. [C:\Users\david\GestionProduccion\GestionProduccion.Tests\GestionProduccion.Tests.csproj]
C:\Program Files\dotnet\sdk\10.0.103\Microsoft.Common.CurrentVersion.targets(2437,5): warning MSB3277: Exist├¡a un conflicto entre "Microsoft.EntityFrameworkCore.Relational, Version=8.0.0.0, Culture=neutral, PublicKeyToken=adb9793829ddae60" y "Microsoft.EntityFrameworkCore.Relational, Version=8.0.2.0, Culture=neutral, PublicKeyToken=adb9793829ddae60". [C:\Users\david\GestionProduccion\GestionProduccion.Tests\GestionProduccion.Tests.csproj]
C:\Program Files\dotnet\sdk\10.0.103\Microsoft.Common.CurrentVersion.targets(2437,5): warning MSB3277:     Se eligi├│ "Microsoft.EntityFrameworkCore.Relational, Version=8.0.0.0, Culture=neutral, PublicKeyToken=adb9793829ddae60" porque era principal y "Microsoft.EntityFrameworkCore.Relational, Version=8.0.2.0, Culture=neutral, PublicKeyToken=adb9793829ddae60" no lo era. [C:\Users\david\GestionProduccion\GestionProduccion.Tests\GestionProduccion.Tests.csproj]
C:\Program Files\dotnet\sdk\10.0.103\Microsoft.Common.CurrentVersion.targets(2437,5): warning MSB3277:     Referencias que dependen de "Microsoft.EntityFrameworkCore.Relational, Version=8.0.0.0, Culture=neutral, PublicKeyToken=adb9793829ddae60" [C:\Users\david\.nuget\packages\microsoft.entityframeworkcore.relational\8.0.0\lib\net8.0\Microsoft.EntityFrameworkCore.Relational.dll]. [C:\Users\david\GestionProduccion\GestionProduccion.Tests\GestionProduccion.Tests.csproj]
C:\Program Files\dotnet\sdk\10.0.103\Microsoft.Common.CurrentVersion.targets(2437,5): warning MSB3277:         C:\Users\david\.nuget\packages\microsoft.entityframeworkcore.relational\8.0.0\lib\net8.0\Microsoft.EntityFrameworkCore.Relational.dll [C:\Users\david\GestionProduccion\GestionProduccion.Tests\GestionProduccion.Tests.csproj]
C:\Program Files\dotnet\sdk\10.0.103\Microsoft.Common.CurrentVersion.targets(2437,5): warning MSB3277:           Atributos Include de elementos de archivo del proyecto que provocaron la referencia "C:\Users\david\.nuget\packages\microsoft.entityframeworkcore.relational\8.0.0\lib\net8.0\Microsoft.EntityFrameworkCore.Relational.dll". [C:\Users\david\GestionProduccion\GestionProduccion.Tests\GestionProduccion.Tests.csproj]
C:\Program Files\dotnet\sdk\10.0.103\Microsoft.Common.CurrentVersion.targets(2437,5): warning MSB3277:             C:\Users\david\.nuget\packages\microsoft.entityframeworkcore.relational\8.0.0\lib\net8.0\Microsoft.EntityFrameworkCore.Relational.dll [C:\Users\david\GestionProduccion\GestionProduccion.Tests\GestionProduccion.Tests.csproj]
C:\Program Files\dotnet\sdk\10.0.103\Microsoft.Common.CurrentVersion.targets(2437,5): warning MSB3277:     Referencias que dependen o se han unificado para "Microsoft.EntityFrameworkCore.Relational, Version=8.0.2.0, Culture=neutral, PublicKeyToken=adb9793829ddae60" []. [C:\Users\david\GestionProduccion\GestionProduccion.Tests\GestionProduccion.Tests.csproj]
C:\Program Files\dotnet\sdk\10.0.103\Microsoft.Common.CurrentVersion.targets(2437,5): warning MSB3277:         C:\Users\david\GestionProduccion\bin\Debug\net8.0\GestionProduccion.dll [C:\Users\david\GestionProduccion\GestionProduccion.Tests\GestionProduccion.Tests.csproj]
C:\Program Files\dotnet\sdk\10.0.103\Microsoft.Common.CurrentVersion.targets(2437,5): warning MSB3277:           Atributos Include de elementos de archivo del proyecto que provocaron la referencia "C:\Users\david\GestionProduccion\bin\Debug\net8.0\GestionProduccion.dll". [C:\Users\david\GestionProduccion\GestionProduccion.Tests\GestionProduccion.Tests.csproj]
C:\Program Files\dotnet\sdk\10.0.103\Microsoft.Common.CurrentVersion.targets(2437,5): warning MSB3277:             C:\Users\david\GestionProduccion\bin\Debug\net8.0\GestionProduccion.dll [C:\Users\david\GestionProduccion\GestionProduccion.Tests\GestionProduccion.Tests.csproj]
C:\Users\david\GestionProduccion\GestionProduccion.Tests\ProductionOrderServiceTests.cs(119,46): warning CS8602: Desreferencia de una referencia posiblemente NULL. [C:\Users\david\GestionProduccion\GestionProduccion.Tests\GestionProduccion.Tests.csproj]
C:\Users\david\GestionProduccion\GestionProduccion.Tests\ProductionOrderServiceTests.cs(166,53): warning CS8602: Desreferencia de una referencia posiblemente NULL. [C:\Users\david\GestionProduccion\GestionProduccion.Tests\GestionProduccion.Tests.csproj]
C:\Users\david\GestionProduccion\GestionProduccion.Tests\ProductionOrderServiceTests.cs(195,31): warning CS8602: Desreferencia de una referencia posiblemente NULL. [C:\Users\david\GestionProduccion\GestionProduccion.Tests\GestionProduccion.Tests.csproj]
    4 Advertencia(s)
    0 Errores

Tiempo transcurrido 00:00:08.42
