  Determinando los proyectos que se van a restaurar...
  Todos los proyectos est├ín actualizados para la restauraci├│n.
  GestionProduccion.Client -> C:\Users\david\GestionProduccion\Client\GestionProduccion.Client\bin\Debug\net8.0\GestionProduccion.Client.dll
  GestionProduccion.Client (Blazor output) -> C:\Users\david\GestionProduccion\Client\GestionProduccion.Client\bin\Debug\net8.0\wwwroot
  GestionProduccion -> C:\Users\david\GestionProduccion\bin\Debug\net8.0\GestionProduccion.dll
C:\Program Files\dotnet\sdk\10.0.103\Microsoft.Common.CurrentVersion.targets(2437,5): warning MSB3277: Se han encontrado conflictos entre distintas versiones de "Microsoft.EntityFrameworkCore.Relational" que no se han podido resolver. [C:\Users\david\GestionProduccion\GestionProduccion.Tests\GestionProduccion.Tests.csproj]
C:\Program Files\dotnet\sdk\10.0.103\Microsoft.Common.CurrentVersion.targets(2437,5): warning MSB3277: Exist├¡a un conflicto entre "Microsoft.EntityFrameworkCore.Relational, Version=8.0.0.0, Culture=neutral, PublicKeyToken=adb9793829ddae60" y "Microsoft.EntityFrameworkCore.Relational, Version=8.0.2.0, Culture=neutral, PublicKeyToken=adb9793829ddae60". [C:\Users\david\GestionProduccion\GestionProduccion.Tests\GestionProduccion.Tests.csproj]
C:\Program Files\dotnet\sdk\10.0.103\Microsoft.Common.CurrentVersion.targets(2437,5): warning MSB3277:     Se eligi├│ "Microsoft.EntityFrameworkCore.Relational, Version=8.0.0.0, Culture=neutral, PublicKeyToken=adb9793829ddae60" porque era principal y "Microsoft.EntityFrameworkCore.Relational, Version=8.0.2.0, Culture=neutral, PublicKeyToken=adb9793829ddae60" no lo era. [C:\Users\david\GestionProduccion\GestionProduccion.Tests\GestionProduccion.Tests.csproj]
C:\Program Files\dotnet\sdk\10.0.103\Microsoft.Common.CurrentVersion.targets(2437,5): warning MSB3277:     Referencias que dependen de "Microsoft.EntityFrameworkCore.Relational, Version=8.0.0.0, Culture=neutral, PublicKeyToken=adb9793829ddae60" [C:\Users\david\.nuget\packages\microsoft.entityframeworkcore.relational\8.0.0\lib\net8.0\Microsoft.EntityFrameworkCore.Relational.dll]. [C:\Users\david\GestionProduccion\GestionProduccion.Tests\GestionProduccion.Tests.csproj]
C:\Program Files\dotnet\sdk\10.0.103\Microsoft.Common.CurrentVersion.targets(2437,5): warning MSB3277:         C:\Users\david\.nuget\packages\microsoft.entityframeworkcore.relational\8.0.0\lib\net8.0\Microsoft.EntityFrameworkCore.Relational.dll [C:\Users\david\GestionProduccion\GestionProduccion.Tests\GestionProduccion.Tests.csproj]
C:\Program Files\dotnet\sdk\10.0.103\Microsoft.Common.CurrentVersion.targets(2437,5): warning MSB3277:           Atributos Include de elementos de archivo del proyecto que provocaron la referencia "C:\Users\david\.nuget\packages\microsoft.entityframeworkcore.relational\8.0.0\lib\net8.0\Microsoft.EntityFrameworkCore.Relational.dll". [C:\Users\david\GestionProduccion\GestionProduccion.Tests\GestionProduccion.Tests.csproj]
C:\Program Files\dotnet\sdk\10.0.103\Microsoft.Common.CurrentVersion.targets(2437,5): warning MSB3277:             C:\Users\david\.nuget\packages\microsoft.entityframeworkcore.relational\8.0.0\lib\net8.0\Microsoft.EntityFrameworkCore.Relational.dll [C:\Users\david\GestionProduccion\GestionProduccion.Tests\GestionProduccion.Tests.csproj]
C:\Program Files\dotnet\sdk\10.0.103\Microsoft.Common.CurrentVersion.targets(2437,5): warning MSB3277:     Referencias que dependen o se han unificado para "Microsoft.EntityFrameworkCore.Relational, Version=8.0.2.0, Culture=neutral, PublicKeyToken=adb9793829ddae60" []. [C:\Users\david\GestionProduccion\GestionProduccion.Tests\GestionProduccion.Tests.csproj]
C:\Program Files\dotnet\sdk\10.0.103\Microsoft.Common.CurrentVersion.targets(2437,5): warning MSB3277:         C:\Users\david\GestionProduccion\bin\Debug\net8.0\GestionProduccion.dll [C:\Users\david\GestionProduccion\GestionProduccion.Tests\GestionProduccion.Tests.csproj]
C:\Program Files\dotnet\sdk\10.0.103\Microsoft.Common.CurrentVersion.targets(2437,5): warning MSB3277:           Atributos Include de elementos de archivo del proyecto que provocaron la referencia "C:\Users\david\GestionProduccion\bin\Debug\net8.0\GestionProduccion.dll". [C:\Users\david\GestionProduccion\GestionProduccion.Tests\GestionProduccion.Tests.csproj]
C:\Program Files\dotnet\sdk\10.0.103\Microsoft.Common.CurrentVersion.targets(2437,5): warning MSB3277:             C:\Users\david\GestionProduccion\bin\Debug\net8.0\GestionProduccion.dll [C:\Users\david\GestionProduccion\GestionProduccion.Tests\GestionProduccion.Tests.csproj]
C:\Users\david\GestionProduccion\GestionProduccion.Tests\UserServiceTests.cs(112,42): warning CS8602: Desreferencia de una referencia posiblemente NULL. [C:\Users\david\GestionProduccion\GestionProduccion.Tests\GestionProduccion.Tests.csproj]
C:\Users\david\GestionProduccion\GestionProduccion.Tests\AuthControllerTests.cs(125,96): warning CS8600: Se va a convertir un literal nulo o un posible valor nulo en un tipo que no acepta valores NULL [C:\Users\david\GestionProduccion\GestionProduccion.Tests\GestionProduccion.Tests.csproj]
C:\Users\david\GestionProduccion\GestionProduccion.Tests\UserServiceTests.cs(135,26): warning CS8602: Desreferencia de una referencia posiblemente NULL. [C:\Users\david\GestionProduccion\GestionProduccion.Tests\GestionProduccion.Tests.csproj]
C:\Users\david\GestionProduccion\GestionProduccion.Tests\ProductionOrderServiceTests.cs(145,46): warning CS8602: Desreferencia de una referencia posiblemente NULL. [C:\Users\david\GestionProduccion\GestionProduccion.Tests\GestionProduccion.Tests.csproj]
C:\Users\david\GestionProduccion\GestionProduccion.Tests\ProductionOrderServiceTests.cs(192,53): warning CS8602: Desreferencia de una referencia posiblemente NULL. [C:\Users\david\GestionProduccion\GestionProduccion.Tests\GestionProduccion.Tests.csproj]
C:\Users\david\GestionProduccion\GestionProduccion.Tests\ProductionOrderServiceTests.cs(221,31): warning CS8602: Desreferencia de una referencia posiblemente NULL. [C:\Users\david\GestionProduccion\GestionProduccion.Tests\GestionProduccion.Tests.csproj]
C:\Users\david\GestionProduccion\GestionProduccion.Tests\ProductionOrderServiceTests.cs(343,48): warning CS8602: Desreferencia de una referencia posiblemente NULL. [C:\Users\david\GestionProduccion\GestionProduccion.Tests\GestionProduccion.Tests.csproj]
  GestionProduccion.Tests -> C:\Users\david\GestionProduccion\GestionProduccion.Tests\bin\Debug\net8.0\GestionProduccion.Tests.dll
Serie de pruebas para C:\Users\david\GestionProduccion\GestionProduccion.Tests\bin\Debug\net8.0\GestionProduccion.Tests.dll (.NETCoreApp,Version=v8.0)
Versi├│n 18.0.1 (x64) de VSTest

Iniciando la ejecuci├│n de pruebas, espere...
1 archivos de prueba en total coincidieron con el patr├│n especificado.

Correctas! - Con error:     0, Superado:    18, Omitido:     0, Total:    18, Duraci├│n: 2 s - GestionProduccion.Tests.dll (net8.0)
